src/application/services/jobProcessor.ts(166,97): error TS2345: Argument of type 'unknown' is not assignable to parameter of type 'Record<string, any> | undefined'.
src/application/services/UnifiedAssetService.ts(3,36): error TS5097: An import path can only end with a '.ts' extension when 'allowImportingTsExtensions' is enabled.
src/infra/http/routes/admin/generation.ts(1,24): error TS7016: Could not find a declaration file for module 'express'. 'C:/Users/rmkoc/Downloads/vitapp2/vitality_api-main/vitality_api-main/node_modules/express/index.js' implicitly has an 'any' type.
  Try `npm i --save-dev @types/express` if it exists or add a new declaration (.d.ts) file containing `declare module 'express';`
src/infra/http/routes/admin/generation.ts(2,22): error TS2307: Cannot find module '../../../infra/db/pool.js' or its corresponding type declarations.
src/infra/http/routes/admin/generation.ts(3,39): error TS2307: Cannot find module '../../../application/services/AssetGenerationFacade.js' or its corresponding type declarations.
src/infra/http/routes/admin/generation.ts(23,30): error TS7006: Parameter 'req' implicitly has an 'any' type.
src/infra/http/routes/admin/generation.ts(23,35): error TS7006: Parameter 'res' implicitly has an 'any' type.
src/infra/http/routes/admin/generation.ts(107,33): error TS7006: Parameter 'req' implicitly has an 'any' type.
src/infra/http/routes/admin/generation.ts(107,38): error TS7006: Parameter 'res' implicitly has an 'any' type.
src/infra/http/routes/admin/generation.ts(188,26): error TS7006: Parameter 'current' implicitly has an 'any' type.
src/infra/http/routes/admin/generation.ts(188,35): error TS7006: Parameter 'total' implicitly has an 'any' type.
src/infra/http/routes/admin/generation.ts(188,42): error TS7006: Parameter 'currentItem' implicitly has an 'any' type.
src/infra/http/routes/admin/generation.ts(195,17): error TS7006: Parameter 'result' implicitly has an 'any' type.
src/infra/http/routes/admin/generation.ts(203,18): error TS7006: Parameter 'e' implicitly has an 'any' type.
src/infra/http/routes/admin/generation.ts(228,39): error TS7006: Parameter 'req' implicitly has an 'any' type.
src/infra/http/routes/admin/generation.ts(228,44): error TS7006: Parameter 'res' implicitly has an 'any' type.
